// Jest Snapshot v1, https://goo.gl/fbAQLP

exports[`HeroBlock renders correctly 1`] = `
Array [
  <div
    className="myClass"
  >
    <figure
      className=""
    />
    <div />
  </div>,
  <div />,
]
`;
