// Jest Snapshot v1, https://goo.gl/fbAQLP

exports[`BasicCard renders correctly 1`] = `
<div
  className="component"
>
  <p>
    Hi
  </p>
</div>
`;
