// Jest Snapshot v1, https://goo.gl/fbAQLP

exports[`ContactInfo renders correctly 1`] = `
<div
  className=" myClass"
>
  <h2>
    Test title
  </h2>
</div>
`;
