// Jest Snapshot v1, https://goo.gl/fbAQLP

exports[`BlockHeader renders correctly 1`] = `
<div
  className=" myClass"
>
  <h2 />
  <p />
</div>
`;
