// Jest Snapshot v1, https://goo.gl/fbAQLP

exports[`HalfBlock renders correctly 1`] = `
<div
  className=" myClass"
/>
`;
