// Jest Snapshot v1, https://goo.gl/fbAQLP

exports[`GroupThree renders correctly 1`] = `
<div
  className=" myClass"
>
  <div
    style={
      Object {
        "backgroundColor": "red",
        "height": 200,
      }
    }
  />
  <div
    style={
      Object {
        "backgroundColor": "green",
        "height": 200,
      }
    }
  />
  <div
    style={
      Object {
        "backgroundColor": "blue",
        "height": 200,
      }
    }
  />
</div>
`;
