// Jest Snapshot v1, https://goo.gl/fbAQLP

exports[`Block renders correctly 1`] = `
<div
  className=" myClass"
/>
`;
