// Jest Snapshot v1, https://goo.gl/fbAQLP

exports[`ShowcaseCarousel renders correctly 1`] = `
<div
  className="  "
>
  <div
    className="fade"
  >
    <div>
      <a
        aria-label="Visit the BBC case study"
        href="/our-work/project/bbc-iwonder-perfect-diet-for-you"
        onClick={[Function]}
        onMouseEnter={[Function]}
      >
        <div
          className=""
        >
          <img
            alt="BBC"
            fadeIn={false}
            src="https://raw.githubusercontent.com/aerian-studios/aerian-site-rebuild/master/static/assets/imported/280/bbc-perfect-diet-for-you-hero-imagejpg.jpg"
            style={
              Object {
                "backgroundColor": "#d01944",
              }
            }
          />
        </div>
        <div
          className=""
        >
          <img
            alt="CNN's logo"
            src="https://raw.githubusercontent.com/aerian-studios/aerian-site-rebuild/master/static/assets/imported/474/cnn-white-logo.png"
          />
        </div>
        <div>
          <h3>
            CNN
          </h3>
          <p>
            What sort of 'eater' are you?
          </p>
          <button
            className="undefined"
            tabIndex={-1}
          >
            View project
            <i
              className="fa"
            />
          </button>
        </div>
      </a>
    </div>
  </div>
  <div
    className="component"
  >
    <div
      className=""
    >
      <div>
        MOCK!: proud that our partners over at @CRbuildpeace are being featured by our friends at @BBCRadio4 this Sunday. What's more, we've recently just launched their new site - 
        <a
          href="http://www.c-r.org"
          rel="noreferrer noopener nofollow"
          target="_blank"
        >
          c-r.org
        </a>
        . Check it out! 
        <a
          href="https://twitter.com/CRbuildpeace/status/1164462963790667776"
          rel="noreferrer noopener nofollow"
          target="_blank"
        >
          twitter.com/CRbuildpeace/sâ€¦
        </a>
        
      </div>
      <a
        href="https://twitter.com/aerianstudios"
      >
        <img
          alt="Aerian"
          src="https://pbs.twimg.com/profile_images/378800000156917292/cba17ed82c5a99f3b91e805534b2d10f_normal.png"
        />
        <p>
          <strong>
            Tweeted by
          </strong>
          Aerian
        </p>
      </a>
    </div>
  </div>
</div>
`;
