// Jest Snapshot v1, https://goo.gl/fbAQLP

exports[`SectionNav renders correctly 1`] = `
<nav
  className=" myClass"
/>
`;
