// Jest Snapshot v1, https://goo.gl/fbAQLP

exports[`MapView renders correctly 1`] = `
<div
  className=" myClass"
>
  <h2>
    MapView
  </h2>
</div>
`;
