// Jest Snapshot v1, https://goo.gl/fbAQLP

exports[`SocialLink renders correctly 1`] = `
<li
  className=" item"
>
  <a
    href="https://www.facebook.com/aerianstudios/"
    rel="nofollow noreferer"
  />
</li>
`;
